// Jest Snapshot v1, https://goo.gl/fbAQLP

exports[`Refresh button component renders correctly 1`] = `
<button
  className="refresh"
  onClick={[Function]}
>
  <i
    className="fas fa-redo-alt"
  />
</button>
`;
